// Jest Snapshot v1, https://goo.gl/fbAQLP

exports[`ObserveButton observed renders 1`] = `
<div>
  <div
    circle=""
    class="action-button"
  >
    <button
      aria-label="observeButton.observed"
      class="base-button --icon-only --circle"
      type="button"
    >
      <span
        class="base-icon"
      >
        <!---->
      </span>
       
      <!---->
       
    </button>
     
    <div
      class="count"
    >
      1
    </div>
  </div>
</div>
`;

exports[`ObserveButton unobserved renders 1`] = `undefined`;
