// Jest Snapshot v1, https://goo.gl/fbAQLP

exports[`UserBadges renders 1`] = `
<body>
  <div>
    <section
      class="ds-section"
      data-test="user-badges"
    >
      <div
        class="ds-mb-large"
      >
        <h1
          class="ds-heading ds-heading-h3"
        >
          
      User1
      -
      admin.badges.title
    
        </h1>
         
        <p
          class="ds-text"
        >
          admin.badges.description
        </p>
      </div>
       
      <div
        class="os-card relative rounded-[5px] break-words bg-white shadow-[0px_12px_26px_-4px_rgba(0,0,0,0.1)] p-6"
      >
        <div
          class="badge-section"
        >
          <h4>
            admin.badges.verificationBadges
          </h4>
           
          <div
            class="badge-container"
          >
            <button
              class="badge"
            >
              <img
                alt="description-v-1"
                src="icon1"
                title="description-v-1"
              />
            </button>
            <button
              class="badge inactive"
            >
              <img
                alt="description-v-2"
                src="icon2"
                title="description-v-2"
              />
            </button>
          </div>
        </div>
         
        <div
          class="badge-section"
        >
          <h4>
            admin.badges.trophyBadges
          </h4>
           
          <div
            class="badge-container"
          >
            <button
              class="badge inactive"
            >
              <img
                alt="description-t-1"
                src="icon3"
                title="description-t-1"
              />
            </button>
            <button
              class="badge"
            >
              <img
                alt="description-t-2"
                src="icon4"
                title="description-t-2"
              />
            </button>
          </div>
        </div>
      </div>
    </section>
  </div>
</body>
`;
